Command line invocation:
    /Applications/Xcode.app/Contents/Developer/usr/bin/xcodebuild -project "FdC Railway Manager.xcodeproj" -scheme "FdC Railway Manager" -destination "platform=iOS Simulator,id=E0A73BD2-7387-4D01-8268-C12EAEFDFA3C" -configuration Debug -jobs 8 build

Build Preparation
Build task concurrency set to 8 via user default IDEBuildOperationMaxNumberOfConcurrentCompileTasks

ComputePackagePrebuildTargetDependencyGraph

Prepare packages

CreateBuildRequest

SendProjectDescription

CreateBuildOperation

ComputeTargetDependencyGraph
note: Building targets in dependency order
note: Target dependency graph (1 target)
    Target 'FdC Railway Manager' in project 'FdC Railway Manager' (no dependencies)

GatherProvisioningInputs

CreateBuildDescription

ExecuteExternalTool /Applications/Xcode.app/Contents/Developer/Toolchains/XcodeDefault.xctoolchain/usr/bin/clang -v -E -dM -isysroot /Applications/Xcode.app/Contents/Developer/Platforms/iPhoneSimulator.platform/Developer/SDKs/iPhoneSimulator26.2.sdk -x c -c /dev/null

ExecuteExternalTool /Applications/Xcode.app/Contents/Developer/usr/bin/actool --print-asset-tag-combinations --output-format xml1 /Users/michelebigi/Documents/Develop/XCode/FdC/FdC Railway Manager/FdC Railway Manager/Assets.xcassets

ExecuteExternalTool /Applications/Xcode.app/Contents/Developer/usr/bin/actool --version --output-format xml1

ExecuteExternalTool /Applications/Xcode.app/Contents/Developer/Toolchains/XcodeDefault.xctoolchain/usr/bin/swiftc --version

ExecuteExternalTool /Applications/Xcode.app/Contents/Developer/Toolchains/XcodeDefault.xctoolchain/usr/bin/ld -version_details

Build description signature: 344cd1fdd302dff8616d42e1ee33020f
Build description path: /Users/michelebigi/Library/Developer/Xcode/DerivedData/FdC_Railway_Manager-eftciwgatnstcfgxbvwagoyugjai/Build/Intermediates.noindex/XCBuildData/344cd1fdd302dff8616d42e1ee33020f.xcbuilddata
ClangStatCache /Applications/Xcode.app/Contents/Developer/Toolchains/XcodeDefault.xctoolchain/usr/bin/clang-stat-cache /Applications/Xcode.app/Contents/Developer/Platforms/iPhoneSimulator.platform/Developer/SDKs/iPhoneSimulator26.2.sdk /Users/michelebigi/Library/Developer/Xcode/DerivedData/SDKStatCaches.noindex/iphonesimulator26.2-23C57-7d00a8b37fbd7999ea79df8ebc024bf0.sdkstatcache
    cd /Users/michelebigi/Documents/Develop/XCode/FdC/FdC\ Railway\ Manager/FdC\ Railway\ Manager.xcodeproj
    /Applications/Xcode.app/Contents/Developer/Toolchains/XcodeDefault.xctoolchain/usr/bin/clang-stat-cache /Applications/Xcode.app/Contents/Developer/Platforms/iPhoneSimulator.platform/Developer/SDKs/iPhoneSimulator26.2.sdk -o /Users/michelebigi/Library/Developer/Xcode/DerivedData/SDKStatCaches.noindex/iphonesimulator26.2-23C57-7d00a8b37fbd7999ea79df8ebc024bf0.sdkstatcache

ProcessInfoPlistFile /Users/michelebigi/Library/Developer/Xcode/DerivedData/FdC_Railway_Manager-eftciwgatnstcfgxbvwagoyugjai/Build/Products/Debug-iphonesimulator/FdC\ Railway\ Manager.app/Info.plist /Users/michelebigi/Documents/Develop/XCode/FdC/FdC\ Railway\ Manager/FdC\ Railway\ Manager/FdC-Info.plist (in target 'FdC Railway Manager' from project 'FdC Railway Manager')
    cd /Users/michelebigi/Documents/Develop/XCode/FdC/FdC\ Railway\ Manager
    builtin-infoPlistUtility /Users/michelebigi/Documents/Develop/XCode/FdC/FdC\ Railway\ Manager/FdC\ Railway\ Manager/FdC-Info.plist -producttype com.apple.product-type.application -genpkginfo /Users/michelebigi/Library/Developer/Xcode/DerivedData/FdC_Railway_Manager-eftciwgatnstcfgxbvwagoyugjai/Build/Products/Debug-iphonesimulator/FdC\ Railway\ Manager.app/PkgInfo -expandbuildsettings -format binary -platform iphonesimulator -additionalcontentfile /Users/michelebigi/Library/Developer/Xcode/DerivedData/FdC_Railway_Manager-eftciwgatnstcfgxbvwagoyugjai/Build/Intermediates.noindex/FdC\ Railway\ Manager.build/Debug-iphonesimulator/FdC\ Railway\ Manager.build/assetcatalog_generated_info.plist -o /Users/michelebigi/Library/Developer/Xcode/DerivedData/FdC_Railway_Manager-eftciwgatnstcfgxbvwagoyugjai/Build/Products/Debug-iphonesimulator/FdC\ Railway\ Manager.app/Info.plist

SwiftDriver FdC\ Railway\ Manager normal arm64 com.apple.xcode.tools.swift.compiler (in target 'FdC Railway Manager' from project 'FdC Railway Manager')
    cd /Users/michelebigi/Documents/Develop/XCode/FdC/FdC\ Railway\ Manager
    builtin-SwiftDriver -- /Applications/Xcode.app/Contents/Developer/Toolchains/XcodeDefault.xctoolchain/usr/bin/swiftc -module-name FdC_Railway_Manager -Onone -enforce-exclusivity\=checked @/Users/michelebigi/Library/Developer/Xcode/DerivedData/FdC_Railway_Manager-eftciwgatnstcfgxbvwagoyugjai/Build/Intermediates.noindex/FdC\ Railway\ Manager.build/Debug-iphonesimulator/FdC\ Railway\ Manager.build/Objects-normal/arm64/FdC\ Railway\ Manager.SwiftFileList -DDEBUG -default-isolation\=MainActor -enable-bare-slash-regex -enable-upcoming-feature DisableOutwardActorInference -enable-upcoming-feature InferSendableFromCaptures -enable-upcoming-feature GlobalActorIsolatedTypesUsability -enable-upcoming-feature MemberImportVisibility -enable-upcoming-feature InferIsolatedConformances -enable-upcoming-feature NonisolatedNonsendingByDefault -enable-experimental-feature DebugDescriptionMacro -sdk /Applications/Xcode.app/Contents/Developer/Platforms/iPhoneSimulator.platform/Developer/SDKs/iPhoneSimulator26.2.sdk -target arm64-apple-ios17.6-simulator -g -module-cache-path /Users/michelebigi/Library/Developer/Xcode/DerivedData/ModuleCache.noindex -Xfrontend -serialize-debugging-options -enable-testing -index-store-path /Users/michelebigi/Library/Developer/Xcode/DerivedData/FdC_Railway_Manager-eftciwgatnstcfgxbvwagoyugjai/Index.noindex/DataStore -Xcc -D_LIBCPP_HARDENING_MODE\=_LIBCPP_HARDENING_MODE_DEBUG -swift-version 5 -I /Users/michelebigi/Library/Developer/Xcode/DerivedData/FdC_Railway_Manager-eftciwgatnstcfgxbvwagoyugjai/Build/Products/Debug-iphonesimulator -F /Users/michelebigi/Library/Developer/Xcode/DerivedData/FdC_Railway_Manager-eftciwgatnstcfgxbvwagoyugjai/Build/Products/Debug-iphonesimulator -emit-localized-strings -emit-localized-strings-path /Users/michelebigi/Library/Developer/Xcode/DerivedData/FdC_Railway_Manager-eftciwgatnstcfgxbvwagoyugjai/Build/Intermediates.noindex/FdC\ Railway\ Manager.build/Debug-iphonesimulator/FdC\ Railway\ Manager.build/Objects-normal/arm64 -c -j10 -enable-batch-mode -incremental -Xcc -ivfsstatcache -Xcc /Users/michelebigi/Library/Developer/Xcode/DerivedData/SDKStatCaches.noindex/iphonesimulator26.2-23C57-7d00a8b37fbd7999ea79df8ebc024bf0.sdkstatcache -output-file-map /Users/michelebigi/Library/Developer/Xcode/DerivedData/FdC_Railway_Manager-eftciwgatnstcfgxbvwagoyugjai/Build/Intermediates.noindex/FdC\ Railway\ Manager.build/Debug-iphonesimulator/FdC\ Railway\ Manager.build/Objects-normal/arm64/FdC\ Railway\ Manager-OutputFileMap.json -use-frontend-parseable-output -save-temps -no-color-diagnostics -explicit-module-build -module-cache-path /Users/michelebigi/Library/Developer/Xcode/DerivedData/FdC_Railway_Manager-eftciwgatnstcfgxbvwagoyugjai/Build/Intermediates.noindex/SwiftExplicitPrecompiledModules -clang-scanner-module-cache-path /Users/michelebigi/Library/Developer/Xcode/DerivedData/ModuleCache.noindex -sdk-module-cache-path /Users/michelebigi/Library/Developer/Xcode/DerivedData/ModuleCache.noindex -serialize-diagnostics -emit-dependencies -emit-module -emit-module-path /Users/michelebigi/Library/Developer/Xcode/DerivedData/FdC_Railway_Manager-eftciwgatnstcfgxbvwagoyugjai/Build/Intermediates.noindex/FdC\ Railway\ Manager.build/Debug-iphonesimulator/FdC\ Railway\ Manager.build/Objects-normal/arm64/FdC_Railway_Manager.swiftmodule -validate-clang-modules-once -clang-build-session-file /Users/michelebigi/Library/Developer/Xcode/DerivedData/ModuleCache.noindex/Session.modulevalidation -Xcc -I/Users/michelebigi/Library/Developer/Xcode/DerivedData/FdC_Railway_Manager-eftciwgatnstcfgxbvwagoyugjai/Build/Intermediates.noindex/FdC\ Railway\ Manager.build/Debug-iphonesimulator/FdC\ Railway\ Manager.build/swift-overrides.hmap -emit-const-values -Xfrontend -const-gather-protocols-file -Xfrontend /Users/michelebigi/Library/Developer/Xcode/DerivedData/FdC_Railway_Manager-eftciwgatnstcfgxbvwagoyugjai/Build/Intermediates.noindex/FdC\ Railway\ Manager.build/Debug-iphonesimulator/FdC\ Railway\ Manager.build/Objects-normal/arm64/FdC\ Railway\ Manager_const_extract_protocols.json -Xcc -iquote -Xcc /Users/michelebigi/Library/Developer/Xcode/DerivedData/FdC_Railway_Manager-eftciwgatnstcfgxbvwagoyugjai/Build/Intermediates.noindex/FdC\ Railway\ Manager.build/Debug-iphonesimulator/FdC\ Railway\ Manager.build/FdC\ Railway\ Manager-generated-files.hmap -Xcc -I/Users/michelebigi/Library/Developer/Xcode/DerivedData/FdC_Railway_Manager-eftciwgatnstcfgxbvwagoyugjai/Build/Intermediates.noindex/FdC\ Railway\ Manager.build/Debug-iphonesimulator/FdC\ Railway\ Manager.build/FdC\ Railway\ Manager-own-target-headers.hmap -Xcc -I/Users/michelebigi/Library/Developer/Xcode/DerivedData/FdC_Railway_Manager-eftciwgatnstcfgxbvwagoyugjai/Build/Intermediates.noindex/FdC\ Railway\ Manager.build/Debug-iphonesimulator/FdC\ Railway\ Manager.build/FdC\ Railway\ Manager-all-target-headers.hmap -Xcc -iquote -Xcc /Users/michelebigi/Library/Developer/Xcode/DerivedData/FdC_Railway_Manager-eftciwgatnstcfgxbvwagoyugjai/Build/Intermediates.noindex/FdC\ Railway\ Manager.build/Debug-iphonesimulator/FdC\ Railway\ Manager.build/FdC\ Railway\ Manager-project-headers.hmap -Xcc -I/Users/michelebigi/Library/Developer/Xcode/DerivedData/FdC_Railway_Manager-eftciwgatnstcfgxbvwagoyugjai/Build/Products/Debug-iphonesimulator/include -Xcc -I/Users/michelebigi/Library/Developer/Xcode/DerivedData/FdC_Railway_Manager-eftciwgatnstcfgxbvwagoyugjai/Build/Intermediates.noindex/FdC\ Railway\ Manager.build/Debug-iphonesimulator/FdC\ Railway\ Manager.build/DerivedSources-normal/arm64 -Xcc -I/Users/michelebigi/Library/Developer/Xcode/DerivedData/FdC_Railway_Manager-eftciwgatnstcfgxbvwagoyugjai/Build/Intermediates.noindex/FdC\ Railway\ Manager.build/Debug-iphonesimulator/FdC\ Railway\ Manager.build/DerivedSources/arm64 -Xcc -I/Users/michelebigi/Library/Developer/Xcode/DerivedData/FdC_Railway_Manager-eftciwgatnstcfgxbvwagoyugjai/Build/Intermediates.noindex/FdC\ Railway\ Manager.build/Debug-iphonesimulator/FdC\ Railway\ Manager.build/DerivedSources -Xcc -DDEBUG\=1 -emit-objc-header -emit-objc-header-path /Users/michelebigi/Library/Developer/Xcode/DerivedData/FdC_Railway_Manager-eftciwgatnstcfgxbvwagoyugjai/Build/Intermediates.noindex/FdC\ Railway\ Manager.build/Debug-iphonesimulator/FdC\ Railway\ Manager.build/Objects-normal/arm64/FdC_Railway_Manager-Swift.h -working-directory /Users/michelebigi/Documents/Develop/XCode/FdC/FdC\ Railway\ Manager -experimental-emit-module-separately -disable-cmo
/Users/michelebigi/Library/Developer/Xcode/DerivedData/FdC_Railway_Manager-eftciwgatnstcfgxbvwagoyugjai/Build/Intermediates.noindex/FdC Railway Manager.build/Debug-iphonesimulator/FdC Railway Manager.build/DerivedSources/GeneratedAssetSymbols.swift:49:14: warning: The "E464__Carrozze" image asset name resolves to the symbol "e464Carrozze" which already exists. Try renaming the asset.
    #warning("The \"E464__Carrozze\" image asset name resolves to the symbol \"e464Carrozze\" which already exists. Try renaming the asset.")
             ^~~~~~~~~~~~~~~~~~~~~~~~~~~~~~~~~~~~~~~~~~~~~~~~~~~~~~~~~~~~~~~~~~~~~~~~~~~~~~~~~~~~~~~~~~~~~~~~~~~~~~~~~~~~~~~~~~~~~~~~~~~~~~~
/Users/michelebigi/Library/Developer/Xcode/DerivedData/FdC_Railway_Manager-eftciwgatnstcfgxbvwagoyugjai/Build/Intermediates.noindex/FdC Railway Manager.build/Debug-iphonesimulator/FdC Railway Manager.build/DerivedSources/GeneratedAssetSymbols.swift:49:14: warning: The "E464__Carrozze" image asset name resolves to the symbol "e464Carrozze" which already exists. Try renaming the asset.
    #warning("The \"E464__Carrozze\" image asset name resolves to the symbol \"e464Carrozze\" which already exists. Try renaming the asset.")
             ^~~~~~~~~~~~~~~~~~~~~~~~~~~~~~~~~~~~~~~~~~~~~~~~~~~~~~~~~~~~~~~~~~~~~~~~~~~~~~~~~~~~~~~~~~~~~~~~~~~~~~~~~~~~~~~~~~~~~~~~~~~~~~~ (in target 'FdC Railway Manager' from project 'FdC Railway Manager')

SwiftEmitModule normal arm64 Emitting\ module\ for\ FdC_Railway_Manager (in target 'FdC Railway Manager' from project 'FdC Railway Manager')

EmitSwiftModule normal arm64 (in target 'FdC Railway Manager' from project 'FdC Railway Manager')
    cd /Users/michelebigi/Documents/Develop/XCode/FdC/FdC\ Railway\ Manager
    
/Users/michelebigi/Documents/Develop/XCode/FdC/FdC Railway Manager/FdC Railway Manager/Models/Int.swift:8:1: warning: extension declares a conformance of imported type 'Int' to imported protocol 'Identifiable'; this will not behave correctly if the owners of 'Swift' introduce this conformance in the future
extension Int: Identifiable {
^
/Users/michelebigi/Documents/Develop/XCode/FdC/FdC Railway Manager/FdC Railway Manager/Models/Int.swift:8:1: note: add '@retroactive' to silence this warning
extension Int: Identifiable {
^              ~~~~~~~~~~~~
               @retroactive Identifiable
/Users/michelebigi/Documents/Develop/XCode/FdC/FdC Railway Manager/FdC Railway Manager/UI/Views/Editor/EditorModeViewModel.swift:9:40: warning: main actor-isolated static property 'shared' can not be referenced from a nonisolated context; this is an error in the Swift 6 language mode
    init(appState: AppState = AppState.shared) {
                                       ^
/Users/michelebigi/Documents/Develop/XCode/FdC/FdC Railway Manager/FdC Railway Manager/AppState/AppState.swift:8:16: note: static property declared here
    static let shared = AppState()
               ^
/Users/michelebigi/Documents/Develop/XCode/FdC/FdC Railway Manager/FdC Railway Manager/UI/Views/Editor/StationEditViewModel.swift:8:40: warning: main actor-isolated static property 'shared' can not be referenced from a nonisolated context; this is an error in the Swift 6 language mode
    init(appState: AppState = AppState.shared) {
                                       ^
/Users/michelebigi/Documents/Develop/XCode/FdC/FdC Railway Manager/FdC Railway Manager/AppState/AppState.swift:8:16: note: static property declared here
    static let shared = AppState()
               ^
/Users/michelebigi/Documents/Develop/XCode/FdC/FdC Railway Manager/FdC Railway Manager/UI/Views/IOManagement/InfrastructureDocument.swift:5:8: warning: '@preconcurrency' on conformance to 'FileDocument' has no effect
struct InfrastructureDocument: @preconcurrency FileDocument {
       ^                       ~~~~~~~~~~~~~~~~
                               
/Users/michelebigi/Documents/Develop/XCode/FdC/FdC Railway Manager/FdC Railway Manager/UI/Views/RailwayMap/MapInteractionViewModel.swift:9:40: warning: main actor-isolated static property 'shared' can not be referenced from a nonisolated context; this is an error in the Swift 6 language mode
    init(appState: AppState = AppState.shared) {
                                       ^
/Users/michelebigi/Documents/Develop/XCode/FdC/FdC Railway Manager/FdC Railway Manager/AppState/AppState.swift:8:16: note: static property declared here
    static let shared = AppState()
               ^
/Users/michelebigi/Library/Developer/Xcode/DerivedData/FdC_Railway_Manager-eftciwgatnstcfgxbvwagoyugjai/Build/Intermediates.noindex/FdC Railway Manager.build/Debug-iphonesimulator/FdC Railway Manager.build/DerivedSources/GeneratedAssetSymbols.swift:49:14: warning: The "E464__Carrozze" image asset name resolves to the symbol "e464Carrozze" which already exists. Try renaming the asset.
    #warning("The \"E464__Carrozze\" image asset name resolves to the symbol \"e464Carrozze\" which already exists. Try renaming the asset.")
             ^~~~~~~~~~~~~~~~~~~~~~~~~~~~~~~~~~~~~~~~~~~~~~~~~~~~~~~~~~~~~~~~~~~~~~~~~~~~~~~~~~~~~~~~~~~~~~~~~~~~~~~~~~~~~~~~~~~~~~~~~~~~~~~

SwiftCompile normal arm64 Compiling\ EditorModeViewModel.swift /Users/michelebigi/Documents/Develop/XCode/FdC/FdC\ Railway\ Manager/FdC\ Railway\ Manager/UI/Views/Editor/EditorModeViewModel.swift (in target 'FdC Railway Manager' from project 'FdC Railway Manager')

SwiftCompile normal arm64 /Users/michelebigi/Documents/Develop/XCode/FdC/FdC\ Railway\ Manager/FdC\ Railway\ Manager/UI/Views/Editor/EditorModeViewModel.swift (in target 'FdC Railway Manager' from project 'FdC Railway Manager')
    cd /Users/michelebigi/Documents/Develop/XCode/FdC/FdC\ Railway\ Manager
    
/Users/michelebigi/Documents/Develop/XCode/FdC/FdC Railway Manager/FdC Railway Manager/UI/Views/Editor/EditorModeViewModel.swift:9:40: warning: main actor-isolated static property 'shared' can not be referenced from a nonisolated context; this is an error in the Swift 6 language mode
    init(appState: AppState = AppState.shared) {
                                       ^
/Users/michelebigi/Documents/Develop/XCode/FdC/FdC Railway Manager/FdC Railway Manager/AppState/AppState.swift:8:16: note: static property declared here
    static let shared = AppState()
               ^

SwiftCompile normal arm64 Compiling\ EditorToolboxView.swift /Users/michelebigi/Documents/Develop/XCode/FdC/FdC\ Railway\ Manager/FdC\ Railway\ Manager/UI/Views/Editor/EditorToolboxView.swift (in target 'FdC Railway Manager' from project 'FdC Railway Manager')

SwiftCompile normal arm64 /Users/michelebigi/Documents/Develop/XCode/FdC/FdC\ Railway\ Manager/FdC\ Railway\ Manager/UI/Views/Editor/EditorToolboxView.swift (in target 'FdC Railway Manager' from project 'FdC Railway Manager')
    cd /Users/michelebigi/Documents/Develop/XCode/FdC/FdC\ Railway\ Manager
    

SwiftCompile normal arm64 Compiling\ EditorModeView.swift /Users/michelebigi/Documents/Develop/XCode/FdC/FdC\ Railway\ Manager/FdC\ Railway\ Manager/EditorModeView.swift (in target 'FdC Railway Manager' from project 'FdC Railway Manager')

SwiftCompile normal arm64 /Users/michelebigi/Documents/Develop/XCode/FdC/FdC\ Railway\ Manager/FdC\ Railway\ Manager/EditorModeView.swift (in target 'FdC Railway Manager' from project 'FdC Railway Manager')
    cd /Users/michelebigi/Documents/Develop/XCode/FdC/FdC\ Railway\ Manager
    
/Users/michelebigi/Documents/Develop/XCode/FdC/FdC Railway Manager/FdC Railway Manager/UI/Views/Editor/EditorModeViewModel.swift:9:40: warning: main actor-isolated static property 'shared' can not be referenced from a nonisolated context; this is an error in the Swift 6 language mode
    init(appState: AppState = AppState.shared) {
                                       ^
/Users/michelebigi/Documents/Develop/XCode/FdC/FdC Railway Manager/FdC Railway Manager/AppState/AppState.swift:8:16: note: static property declared here
    static let shared = AppState()
               ^

SwiftDriverJobDiscovery normal arm64 Compiling EditorToolboxView.swift (in target 'FdC Railway Manager' from project 'FdC Railway Manager')

SwiftDriverJobDiscovery normal arm64 Compiling EditorModeViewModel.swift (in target 'FdC Railway Manager' from project 'FdC Railway Manager')

SwiftCompile normal arm64 Compiling\ ContentView+Main.swift /Users/michelebigi/Documents/Develop/XCode/FdC/FdC\ Railway\ Manager/FdC\ Railway\ Manager/ContentView+Main.swift (in target 'FdC Railway Manager' from project 'FdC Railway Manager')

SwiftCompile normal arm64 /Users/michelebigi/Documents/Develop/XCode/FdC/FdC\ Railway\ Manager/FdC\ Railway\ Manager/ContentView+Main.swift (in target 'FdC Railway Manager' from project 'FdC Railway Manager')
    cd /Users/michelebigi/Documents/Develop/XCode/FdC/FdC\ Railway\ Manager
    

SwiftDriverJobDiscovery normal arm64 Compiling EditorModeView.swift (in target 'FdC Railway Manager' from project 'FdC Railway Manager')

SwiftDriverJobDiscovery normal arm64 Compiling ContentView+Main.swift (in target 'FdC Railway Manager' from project 'FdC Railway Manager')

SwiftDriverJobDiscovery normal arm64 Emitting module for FdC_Railway_Manager (in target 'FdC Railway Manager' from project 'FdC Railway Manager')

SwiftDriver\ Compilation\ Requirements FdC\ Railway\ Manager normal arm64 com.apple.xcode.tools.swift.compiler (in target 'FdC Railway Manager' from project 'FdC Railway Manager')
    cd /Users/michelebigi/Documents/Develop/XCode/FdC/FdC\ Railway\ Manager
    builtin-Swift-Compilation-Requirements -- /Applications/Xcode.app/Contents/Developer/Toolchains/XcodeDefault.xctoolchain/usr/bin/swiftc -module-name FdC_Railway_Manager -Onone -enforce-exclusivity\=checked @/Users/michelebigi/Library/Developer/Xcode/DerivedData/FdC_Railway_Manager-eftciwgatnstcfgxbvwagoyugjai/Build/Intermediates.noindex/FdC\ Railway\ Manager.build/Debug-iphonesimulator/FdC\ Railway\ Manager.build/Objects-normal/arm64/FdC\ Railway\ Manager.SwiftFileList -DDEBUG -default-isolation\=MainActor -enable-bare-slash-regex -enable-upcoming-feature DisableOutwardActorInference -enable-upcoming-feature InferSendableFromCaptures -enable-upcoming-feature GlobalActorIsolatedTypesUsability -enable-upcoming-feature MemberImportVisibility -enable-upcoming-feature InferIsolatedConformances -enable-upcoming-feature NonisolatedNonsendingByDefault -enable-experimental-feature DebugDescriptionMacro -sdk /Applications/Xcode.app/Contents/Developer/Platforms/iPhoneSimulator.platform/Developer/SDKs/iPhoneSimulator26.2.sdk -target arm64-apple-ios17.6-simulator -g -module-cache-path /Users/michelebigi/Library/Developer/Xcode/DerivedData/ModuleCache.noindex -Xfrontend -serialize-debugging-options -enable-testing -index-store-path /Users/michelebigi/Library/Developer/Xcode/DerivedData/FdC_Railway_Manager-eftciwgatnstcfgxbvwagoyugjai/Index.noindex/DataStore -Xcc -D_LIBCPP_HARDENING_MODE\=_LIBCPP_HARDENING_MODE_DEBUG -swift-version 5 -I /Users/michelebigi/Library/Developer/Xcode/DerivedData/FdC_Railway_Manager-eftciwgatnstcfgxbvwagoyugjai/Build/Products/Debug-iphonesimulator -F /Users/michelebigi/Library/Developer/Xcode/DerivedData/FdC_Railway_Manager-eftciwgatnstcfgxbvwagoyugjai/Build/Products/Debug-iphonesimulator -emit-localized-strings -emit-localized-strings-path /Users/michelebigi/Library/Developer/Xcode/DerivedData/FdC_Railway_Manager-eftciwgatnstcfgxbvwagoyugjai/Build/Intermediates.noindex/FdC\ Railway\ Manager.build/Debug-iphonesimulator/FdC\ Railway\ Manager.build/Objects-normal/arm64 -c -j10 -enable-batch-mode -incremental -Xcc -ivfsstatcache -Xcc /Users/michelebigi/Library/Developer/Xcode/DerivedData/SDKStatCaches.noindex/iphonesimulator26.2-23C57-7d00a8b37fbd7999ea79df8ebc024bf0.sdkstatcache -output-file-map /Users/michelebigi/Library/Developer/Xcode/DerivedData/FdC_Railway_Manager-eftciwgatnstcfgxbvwagoyugjai/Build/Intermediates.noindex/FdC\ Railway\ Manager.build/Debug-iphonesimulator/FdC\ Railway\ Manager.build/Objects-normal/arm64/FdC\ Railway\ Manager-OutputFileMap.json -use-frontend-parseable-output -save-temps -no-color-diagnostics -explicit-module-build -module-cache-path /Users/michelebigi/Library/Developer/Xcode/DerivedData/FdC_Railway_Manager-eftciwgatnstcfgxbvwagoyugjai/Build/Intermediates.noindex/SwiftExplicitPrecompiledModules -clang-scanner-module-cache-path /Users/michelebigi/Library/Developer/Xcode/DerivedData/ModuleCache.noindex -sdk-module-cache-path /Users/michelebigi/Library/Developer/Xcode/DerivedData/ModuleCache.noindex -serialize-diagnostics -emit-dependencies -emit-module -emit-module-path /Users/michelebigi/Library/Developer/Xcode/DerivedData/FdC_Railway_Manager-eftciwgatnstcfgxbvwagoyugjai/Build/Intermediates.noindex/FdC\ Railway\ Manager.build/Debug-iphonesimulator/FdC\ Railway\ Manager.build/Objects-normal/arm64/FdC_Railway_Manager.swiftmodule -validate-clang-modules-once -clang-build-session-file /Users/michelebigi/Library/Developer/Xcode/DerivedData/ModuleCache.noindex/Session.modulevalidation -Xcc -I/Users/michelebigi/Library/Developer/Xcode/DerivedData/FdC_Railway_Manager-eftciwgatnstcfgxbvwagoyugjai/Build/Intermediates.noindex/FdC\ Railway\ Manager.build/Debug-iphonesimulator/FdC\ Railway\ Manager.build/swift-overrides.hmap -emit-const-values -Xfrontend -const-gather-protocols-file -Xfrontend /Users/michelebigi/Library/Developer/Xcode/DerivedData/FdC_Railway_Manager-eftciwgatnstcfgxbvwagoyugjai/Build/Intermediates.noindex/FdC\ Railway\ Manager.build/Debug-iphonesimulator/FdC\ Railway\ Manager.build/Objects-normal/arm64/FdC\ Railway\ Manager_const_extract_protocols.json -Xcc -iquote -Xcc /Users/michelebigi/Library/Developer/Xcode/DerivedData/FdC_Railway_Manager-eftciwgatnstcfgxbvwagoyugjai/Build/Intermediates.noindex/FdC\ Railway\ Manager.build/Debug-iphonesimulator/FdC\ Railway\ Manager.build/FdC\ Railway\ Manager-generated-files.hmap -Xcc -I/Users/michelebigi/Library/Developer/Xcode/DerivedData/FdC_Railway_Manager-eftciwgatnstcfgxbvwagoyugjai/Build/Intermediates.noindex/FdC\ Railway\ Manager.build/Debug-iphonesimulator/FdC\ Railway\ Manager.build/FdC\ Railway\ Manager-own-target-headers.hmap -Xcc -I/Users/michelebigi/Library/Developer/Xcode/DerivedData/FdC_Railway_Manager-eftciwgatnstcfgxbvwagoyugjai/Build/Intermediates.noindex/FdC\ Railway\ Manager.build/Debug-iphonesimulator/FdC\ Railway\ Manager.build/FdC\ Railway\ Manager-all-target-headers.hmap -Xcc -iquote -Xcc /Users/michelebigi/Library/Developer/Xcode/DerivedData/FdC_Railway_Manager-eftciwgatnstcfgxbvwagoyugjai/Build/Intermediates.noindex/FdC\ Railway\ Manager.build/Debug-iphonesimulator/FdC\ Railway\ Manager.build/FdC\ Railway\ Manager-project-headers.hmap -Xcc -I/Users/michelebigi/Library/Developer/Xcode/DerivedData/FdC_Railway_Manager-eftciwgatnstcfgxbvwagoyugjai/Build/Products/Debug-iphonesimulator/include -Xcc -I/Users/michelebigi/Library/Developer/Xcode/DerivedData/FdC_Railway_Manager-eftciwgatnstcfgxbvwagoyugjai/Build/Intermediates.noindex/FdC\ Railway\ Manager.build/Debug-iphonesimulator/FdC\ Railway\ Manager.build/DerivedSources-normal/arm64 -Xcc -I/Users/michelebigi/Library/Developer/Xcode/DerivedData/FdC_Railway_Manager-eftciwgatnstcfgxbvwagoyugjai/Build/Intermediates.noindex/FdC\ Railway\ Manager.build/Debug-iphonesimulator/FdC\ Railway\ Manager.build/DerivedSources/arm64 -Xcc -I/Users/michelebigi/Library/Developer/Xcode/DerivedData/FdC_Railway_Manager-eftciwgatnstcfgxbvwagoyugjai/Build/Intermediates.noindex/FdC\ Railway\ Manager.build/Debug-iphonesimulator/FdC\ Railway\ Manager.build/DerivedSources -Xcc -DDEBUG\=1 -emit-objc-header -emit-objc-header-path /Users/michelebigi/Library/Developer/Xcode/DerivedData/FdC_Railway_Manager-eftciwgatnstcfgxbvwagoyugjai/Build/Intermediates.noindex/FdC\ Railway\ Manager.build/Debug-iphonesimulator/FdC\ Railway\ Manager.build/Objects-normal/arm64/FdC_Railway_Manager-Swift.h -working-directory /Users/michelebigi/Documents/Develop/XCode/FdC/FdC\ Railway\ Manager -experimental-emit-module-separately -disable-cmo

SwiftDriver\ Compilation FdC\ Railway\ Manager normal arm64 com.apple.xcode.tools.swift.compiler (in target 'FdC Railway Manager' from project 'FdC Railway Manager')
    cd /Users/michelebigi/Documents/Develop/XCode/FdC/FdC\ Railway\ Manager
    builtin-Swift-Compilation -- /Applications/Xcode.app/Contents/Developer/Toolchains/XcodeDefault.xctoolchain/usr/bin/swiftc -module-name FdC_Railway_Manager -Onone -enforce-exclusivity\=checked @/Users/michelebigi/Library/Developer/Xcode/DerivedData/FdC_Railway_Manager-eftciwgatnstcfgxbvwagoyugjai/Build/Intermediates.noindex/FdC\ Railway\ Manager.build/Debug-iphonesimulator/FdC\ Railway\ Manager.build/Objects-normal/arm64/FdC\ Railway\ Manager.SwiftFileList -DDEBUG -default-isolation\=MainActor -enable-bare-slash-regex -enable-upcoming-feature DisableOutwardActorInference -enable-upcoming-feature InferSendableFromCaptures -enable-upcoming-feature GlobalActorIsolatedTypesUsability -enable-upcoming-feature MemberImportVisibility -enable-upcoming-feature InferIsolatedConformances -enable-upcoming-feature NonisolatedNonsendingByDefault -enable-experimental-feature DebugDescriptionMacro -sdk /Applications/Xcode.app/Contents/Developer/Platforms/iPhoneSimulator.platform/Developer/SDKs/iPhoneSimulator26.2.sdk -target arm64-apple-ios17.6-simulator -g -module-cache-path /Users/michelebigi/Library/Developer/Xcode/DerivedData/ModuleCache.noindex -Xfrontend -serialize-debugging-options -enable-testing -index-store-path /Users/michelebigi/Library/Developer/Xcode/DerivedData/FdC_Railway_Manager-eftciwgatnstcfgxbvwagoyugjai/Index.noindex/DataStore -Xcc -D_LIBCPP_HARDENING_MODE\=_LIBCPP_HARDENING_MODE_DEBUG -swift-version 5 -I /Users/michelebigi/Library/Developer/Xcode/DerivedData/FdC_Railway_Manager-eftciwgatnstcfgxbvwagoyugjai/Build/Products/Debug-iphonesimulator -F /Users/michelebigi/Library/Developer/Xcode/DerivedData/FdC_Railway_Manager-eftciwgatnstcfgxbvwagoyugjai/Build/Products/Debug-iphonesimulator -emit-localized-strings -emit-localized-strings-path /Users/michelebigi/Library/Developer/Xcode/DerivedData/FdC_Railway_Manager-eftciwgatnstcfgxbvwagoyugjai/Build/Intermediates.noindex/FdC\ Railway\ Manager.build/Debug-iphonesimulator/FdC\ Railway\ Manager.build/Objects-normal/arm64 -c -j10 -enable-batch-mode -incremental -Xcc -ivfsstatcache -Xcc /Users/michelebigi/Library/Developer/Xcode/DerivedData/SDKStatCaches.noindex/iphonesimulator26.2-23C57-7d00a8b37fbd7999ea79df8ebc024bf0.sdkstatcache -output-file-map /Users/michelebigi/Library/Developer/Xcode/DerivedData/FdC_Railway_Manager-eftciwgatnstcfgxbvwagoyugjai/Build/Intermediates.noindex/FdC\ Railway\ Manager.build/Debug-iphonesimulator/FdC\ Railway\ Manager.build/Objects-normal/arm64/FdC\ Railway\ Manager-OutputFileMap.json -use-frontend-parseable-output -save-temps -no-color-diagnostics -explicit-module-build -module-cache-path /Users/michelebigi/Library/Developer/Xcode/DerivedData/FdC_Railway_Manager-eftciwgatnstcfgxbvwagoyugjai/Build/Intermediates.noindex/SwiftExplicitPrecompiledModules -clang-scanner-module-cache-path /Users/michelebigi/Library/Developer/Xcode/DerivedData/ModuleCache.noindex -sdk-module-cache-path /Users/michelebigi/Library/Developer/Xcode/DerivedData/ModuleCache.noindex -serialize-diagnostics -emit-dependencies -emit-module -emit-module-path /Users/michelebigi/Library/Developer/Xcode/DerivedData/FdC_Railway_Manager-eftciwgatnstcfgxbvwagoyugjai/Build/Intermediates.noindex/FdC\ Railway\ Manager.build/Debug-iphonesimulator/FdC\ Railway\ Manager.build/Objects-normal/arm64/FdC_Railway_Manager.swiftmodule -validate-clang-modules-once -clang-build-session-file /Users/michelebigi/Library/Developer/Xcode/DerivedData/ModuleCache.noindex/Session.modulevalidation -Xcc -I/Users/michelebigi/Library/Developer/Xcode/DerivedData/FdC_Railway_Manager-eftciwgatnstcfgxbvwagoyugjai/Build/Intermediates.noindex/FdC\ Railway\ Manager.build/Debug-iphonesimulator/FdC\ Railway\ Manager.build/swift-overrides.hmap -emit-const-values -Xfrontend -const-gather-protocols-file -Xfrontend /Users/michelebigi/Library/Developer/Xcode/DerivedData/FdC_Railway_Manager-eftciwgatnstcfgxbvwagoyugjai/Build/Intermediates.noindex/FdC\ Railway\ Manager.build/Debug-iphonesimulator/FdC\ Railway\ Manager.build/Objects-normal/arm64/FdC\ Railway\ Manager_const_extract_protocols.json -Xcc -iquote -Xcc /Users/michelebigi/Library/Developer/Xcode/DerivedData/FdC_Railway_Manager-eftciwgatnstcfgxbvwagoyugjai/Build/Intermediates.noindex/FdC\ Railway\ Manager.build/Debug-iphonesimulator/FdC\ Railway\ Manager.build/FdC\ Railway\ Manager-generated-files.hmap -Xcc -I/Users/michelebigi/Library/Developer/Xcode/DerivedData/FdC_Railway_Manager-eftciwgatnstcfgxbvwagoyugjai/Build/Intermediates.noindex/FdC\ Railway\ Manager.build/Debug-iphonesimulator/FdC\ Railway\ Manager.build/FdC\ Railway\ Manager-own-target-headers.hmap -Xcc -I/Users/michelebigi/Library/Developer/Xcode/DerivedData/FdC_Railway_Manager-eftciwgatnstcfgxbvwagoyugjai/Build/Intermediates.noindex/FdC\ Railway\ Manager.build/Debug-iphonesimulator/FdC\ Railway\ Manager.build/FdC\ Railway\ Manager-all-target-headers.hmap -Xcc -iquote -Xcc /Users/michelebigi/Library/Developer/Xcode/DerivedData/FdC_Railway_Manager-eftciwgatnstcfgxbvwagoyugjai/Build/Intermediates.noindex/FdC\ Railway\ Manager.build/Debug-iphonesimulator/FdC\ Railway\ Manager.build/FdC\ Railway\ Manager-project-headers.hmap -Xcc -I/Users/michelebigi/Library/Developer/Xcode/DerivedData/FdC_Railway_Manager-eftciwgatnstcfgxbvwagoyugjai/Build/Products/Debug-iphonesimulator/include -Xcc -I/Users/michelebigi/Library/Developer/Xcode/DerivedData/FdC_Railway_Manager-eftciwgatnstcfgxbvwagoyugjai/Build/Intermediates.noindex/FdC\ Railway\ Manager.build/Debug-iphonesimulator/FdC\ Railway\ Manager.build/DerivedSources-normal/arm64 -Xcc -I/Users/michelebigi/Library/Developer/Xcode/DerivedData/FdC_Railway_Manager-eftciwgatnstcfgxbvwagoyugjai/Build/Intermediates.noindex/FdC\ Railway\ Manager.build/Debug-iphonesimulator/FdC\ Railway\ Manager.build/DerivedSources/arm64 -Xcc -I/Users/michelebigi/Library/Developer/Xcode/DerivedData/FdC_Railway_Manager-eftciwgatnstcfgxbvwagoyugjai/Build/Intermediates.noindex/FdC\ Railway\ Manager.build/Debug-iphonesimulator/FdC\ Railway\ Manager.build/DerivedSources -Xcc -DDEBUG\=1 -emit-objc-header -emit-objc-header-path /Users/michelebigi/Library/Developer/Xcode/DerivedData/FdC_Railway_Manager-eftciwgatnstcfgxbvwagoyugjai/Build/Intermediates.noindex/FdC\ Railway\ Manager.build/Debug-iphonesimulator/FdC\ Railway\ Manager.build/Objects-normal/arm64/FdC_Railway_Manager-Swift.h -working-directory /Users/michelebigi/Documents/Develop/XCode/FdC/FdC\ Railway\ Manager -experimental-emit-module-separately -disable-cmo

Copy /Users/michelebigi/Library/Developer/Xcode/DerivedData/FdC_Railway_Manager-eftciwgatnstcfgxbvwagoyugjai/Build/Products/Debug-iphonesimulator/FdC_Railway_Manager.swiftmodule/arm64-apple-ios-simulator.swiftmodule /Users/michelebigi/Library/Developer/Xcode/DerivedData/FdC_Railway_Manager-eftciwgatnstcfgxbvwagoyugjai/Build/Intermediates.noindex/FdC\ Railway\ Manager.build/Debug-iphonesimulator/FdC\ Railway\ Manager.build/Objects-normal/arm64/FdC_Railway_Manager.swiftmodule (in target 'FdC Railway Manager' from project 'FdC Railway Manager')
    cd /Users/michelebigi/Documents/Develop/XCode/FdC/FdC\ Railway\ Manager
    builtin-copy -exclude .DS_Store -exclude CVS -exclude .svn -exclude .git -exclude .hg -resolve-src-symlinks -rename /Users/michelebigi/Library/Developer/Xcode/DerivedData/FdC_Railway_Manager-eftciwgatnstcfgxbvwagoyugjai/Build/Intermediates.noindex/FdC\ Railway\ Manager.build/Debug-iphonesimulator/FdC\ Railway\ Manager.build/Objects-normal/arm64/FdC_Railway_Manager.swiftmodule /Users/michelebigi/Library/Developer/Xcode/DerivedData/FdC_Railway_Manager-eftciwgatnstcfgxbvwagoyugjai/Build/Products/Debug-iphonesimulator/FdC_Railway_Manager.swiftmodule/arm64-apple-ios-simulator.swiftmodule

Copy /Users/michelebigi/Library/Developer/Xcode/DerivedData/FdC_Railway_Manager-eftciwgatnstcfgxbvwagoyugjai/Build/Products/Debug-iphonesimulator/FdC_Railway_Manager.swiftmodule/arm64-apple-ios-simulator.abi.json /Users/michelebigi/Library/Developer/Xcode/DerivedData/FdC_Railway_Manager-eftciwgatnstcfgxbvwagoyugjai/Build/Intermediates.noindex/FdC\ Railway\ Manager.build/Debug-iphonesimulator/FdC\ Railway\ Manager.build/Objects-normal/arm64/FdC_Railway_Manager.abi.json (in target 'FdC Railway Manager' from project 'FdC Railway Manager')
    cd /Users/michelebigi/Documents/Develop/XCode/FdC/FdC\ Railway\ Manager
    builtin-copy -exclude .DS_Store -exclude CVS -exclude .svn -exclude .git -exclude .hg -resolve-src-symlinks -rename /Users/michelebigi/Library/Developer/Xcode/DerivedData/FdC_Railway_Manager-eftciwgatnstcfgxbvwagoyugjai/Build/Intermediates.noindex/FdC\ Railway\ Manager.build/Debug-iphonesimulator/FdC\ Railway\ Manager.build/Objects-normal/arm64/FdC_Railway_Manager.abi.json /Users/michelebigi/Library/Developer/Xcode/DerivedData/FdC_Railway_Manager-eftciwgatnstcfgxbvwagoyugjai/Build/Products/Debug-iphonesimulator/FdC_Railway_Manager.swiftmodule/arm64-apple-ios-simulator.abi.json

Copy /Users/michelebigi/Library/Developer/Xcode/DerivedData/FdC_Railway_Manager-eftciwgatnstcfgxbvwagoyugjai/Build/Products/Debug-iphonesimulator/FdC_Railway_Manager.swiftmodule/Project/arm64-apple-ios-simulator.swiftsourceinfo /Users/michelebigi/Library/Developer/Xcode/DerivedData/FdC_Railway_Manager-eftciwgatnstcfgxbvwagoyugjai/Build/Intermediates.noindex/FdC\ Railway\ Manager.build/Debug-iphonesimulator/FdC\ Railway\ Manager.build/Objects-normal/arm64/FdC_Railway_Manager.swiftsourceinfo (in target 'FdC Railway Manager' from project 'FdC Railway Manager')
    cd /Users/michelebigi/Documents/Develop/XCode/FdC/FdC\ Railway\ Manager
    builtin-copy -exclude .DS_Store -exclude CVS -exclude .svn -exclude .git -exclude .hg -resolve-src-symlinks -rename /Users/michelebigi/Library/Developer/Xcode/DerivedData/FdC_Railway_Manager-eftciwgatnstcfgxbvwagoyugjai/Build/Intermediates.noindex/FdC\ Railway\ Manager.build/Debug-iphonesimulator/FdC\ Railway\ Manager.build/Objects-normal/arm64/FdC_Railway_Manager.swiftsourceinfo /Users/michelebigi/Library/Developer/Xcode/DerivedData/FdC_Railway_Manager-eftciwgatnstcfgxbvwagoyugjai/Build/Products/Debug-iphonesimulator/FdC_Railway_Manager.swiftmodule/Project/arm64-apple-ios-simulator.swiftsourceinfo

Ld /Users/michelebigi/Library/Developer/Xcode/DerivedData/FdC_Railway_Manager-eftciwgatnstcfgxbvwagoyugjai/Build/Products/Debug-iphonesimulator/FdC\ Railway\ Manager.app/FdC\ Railway\ Manager.debug.dylib normal (in target 'FdC Railway Manager' from project 'FdC Railway Manager')
    cd /Users/michelebigi/Documents/Develop/XCode/FdC/FdC\ Railway\ Manager
    /Applications/Xcode.app/Contents/Developer/Toolchains/XcodeDefault.xctoolchain/usr/bin/clang -Xlinker -reproducible -target arm64-apple-ios17.6-simulator -dynamiclib -isysroot /Applications/Xcode.app/Contents/Developer/Platforms/iPhoneSimulator.platform/Developer/SDKs/iPhoneSimulator26.2.sdk -O0 -L/Users/michelebigi/Library/Developer/Xcode/DerivedData/FdC_Railway_Manager-eftciwgatnstcfgxbvwagoyugjai/Build/Intermediates.noindex/EagerLinkingTBDs/Debug-iphonesimulator -L/Users/michelebigi/Library/Developer/Xcode/DerivedData/FdC_Railway_Manager-eftciwgatnstcfgxbvwagoyugjai/Build/Products/Debug-iphonesimulator -F/Users/michelebigi/Library/Developer/Xcode/DerivedData/FdC_Railway_Manager-eftciwgatnstcfgxbvwagoyugjai/Build/Intermediates.noindex/EagerLinkingTBDs/Debug-iphonesimulator -F/Users/michelebigi/Library/Developer/Xcode/DerivedData/FdC_Railway_Manager-eftciwgatnstcfgxbvwagoyugjai/Build/Products/Debug-iphonesimulator -filelist /Users/michelebigi/Library/Developer/Xcode/DerivedData/FdC_Railway_Manager-eftciwgatnstcfgxbvwagoyugjai/Build/Intermediates.noindex/FdC\ Railway\ Manager.build/Debug-iphonesimulator/FdC\ Railway\ Manager.build/Objects-normal/arm64/FdC\ Railway\ Manager.LinkFileList -install_name @rpath/FdC\ Railway\ Manager.debug.dylib -Xlinker -rpath -Xlinker /usr/lib/swift -Xlinker -rpath -Xlinker @executable_path/Frameworks -dead_strip -Xlinker -object_path_lto -Xlinker /Users/michelebigi/Library/Developer/Xcode/DerivedData/FdC_Railway_Manager-eftciwgatnstcfgxbvwagoyugjai/Build/Intermediates.noindex/FdC\ Railway\ Manager.build/Debug-iphonesimulator/FdC\ Railway\ Manager.build/Objects-normal/arm64/FdC\ Railway\ Manager_lto.o -rdynamic -Xlinker -no_deduplicate -Xlinker -objc_abi_version -Xlinker 2 -Xlinker -dependency_info -Xlinker /Users/michelebigi/Library/Developer/Xcode/DerivedData/FdC_Railway_Manager-eftciwgatnstcfgxbvwagoyugjai/Build/Intermediates.noindex/FdC\ Railway\ Manager.build/Debug-iphonesimulator/FdC\ Railway\ Manager.build/Objects-normal/arm64/FdC\ Railway\ Manager_dependency_info.dat -fobjc-link-runtime -L/Applications/Xcode.app/Contents/Developer/Toolchains/XcodeDefault.xctoolchain/usr/lib/swift/iphonesimulator -L/usr/lib/swift -Xlinker -add_ast_path -Xlinker /Users/michelebigi/Library/Developer/Xcode/DerivedData/FdC_Railway_Manager-eftciwgatnstcfgxbvwagoyugjai/Build/Intermediates.noindex/FdC\ Railway\ Manager.build/Debug-iphonesimulator/FdC\ Railway\ Manager.build/Objects-normal/arm64/FdC_Railway_Manager.swiftmodule @/Users/michelebigi/Library/Developer/Xcode/DerivedData/FdC_Railway_Manager-eftciwgatnstcfgxbvwagoyugjai/Build/Intermediates.noindex/FdC\ Railway\ Manager.build/Debug-iphonesimulator/FdC\ Railway\ Manager.build/Objects-normal/arm64/FdC_Railway_Manager-linker-args.resp -Xlinker -alias -Xlinker _main -Xlinker ___debug_main_executable_dylib_entry_point -Xlinker -no_adhoc_codesign -o /Users/michelebigi/Library/Developer/Xcode/DerivedData/FdC_Railway_Manager-eftciwgatnstcfgxbvwagoyugjai/Build/Products/Debug-iphonesimulator/FdC\ Railway\ Manager.app/FdC\ Railway\ Manager.debug.dylib

ConstructStubExecutorLinkFileList /Users/michelebigi/Library/Developer/Xcode/DerivedData/FdC_Railway_Manager-eftciwgatnstcfgxbvwagoyugjai/Build/Intermediates.noindex/FdC\ Railway\ Manager.build/Debug-iphonesimulator/FdC\ Railway\ Manager.build/FdC\ Railway\ Manager-ExecutorLinkFileList-normal-arm64.txt (in target 'FdC Railway Manager' from project 'FdC Railway Manager')
    cd /Users/michelebigi/Documents/Develop/XCode/FdC/FdC\ Railway\ Manager
    construct-stub-executor-link-file-list /Users/michelebigi/Library/Developer/Xcode/DerivedData/FdC_Railway_Manager-eftciwgatnstcfgxbvwagoyugjai/Build/Products/Debug-iphonesimulator/FdC\ Railway\ Manager.app/FdC\ Railway\ Manager.debug.dylib /Applications/Xcode.app/Contents/Developer/Platforms/iPhoneSimulator.platform/Developer/usr/lib/libPreviewsJITStubExecutor_no_swift_entry_point.a /Applications/Xcode.app/Contents/Developer/Platforms/iPhoneSimulator.platform/Developer/usr/lib/libPreviewsJITStubExecutor.a --output /Users/michelebigi/Library/Developer/Xcode/DerivedData/FdC_Railway_Manager-eftciwgatnstcfgxbvwagoyugjai/Build/Intermediates.noindex/FdC\ Railway\ Manager.build/Debug-iphonesimulator/FdC\ Railway\ Manager.build/FdC\ Railway\ Manager-ExecutorLinkFileList-normal-arm64.txt
note: Using stub executor library with Swift entry point. (in target 'FdC Railway Manager' from project 'FdC Railway Manager')

Ld /Users/michelebigi/Library/Developer/Xcode/DerivedData/FdC_Railway_Manager-eftciwgatnstcfgxbvwagoyugjai/Build/Products/Debug-iphonesimulator/FdC\ Railway\ Manager.app/FdC\ Railway\ Manager normal (in target 'FdC Railway Manager' from project 'FdC Railway Manager')
    cd /Users/michelebigi/Documents/Develop/XCode/FdC/FdC\ Railway\ Manager
    /Applications/Xcode.app/Contents/Developer/Toolchains/XcodeDefault.xctoolchain/usr/bin/clang -Xlinker -reproducible -target arm64-apple-ios17.6-simulator -isysroot /Applications/Xcode.app/Contents/Developer/Platforms/iPhoneSimulator.platform/Developer/SDKs/iPhoneSimulator26.2.sdk -O0 -L/Users/michelebigi/Library/Developer/Xcode/DerivedData/FdC_Railway_Manager-eftciwgatnstcfgxbvwagoyugjai/Build/Products/Debug-iphonesimulator -F/Users/michelebigi/Library/Developer/Xcode/DerivedData/FdC_Railway_Manager-eftciwgatnstcfgxbvwagoyugjai/Build/Products/Debug-iphonesimulator -Xlinker -rpath -Xlinker @executable_path -Xlinker -rpath -Xlinker @executable_path/Frameworks -rdynamic -Xlinker -no_deduplicate -Xlinker -objc_abi_version -Xlinker 2 -e ___debug_blank_executor_main -Xlinker -sectcreate -Xlinker __TEXT -Xlinker __debug_dylib -Xlinker /Users/michelebigi/Library/Developer/Xcode/DerivedData/FdC_Railway_Manager-eftciwgatnstcfgxbvwagoyugjai/Build/Intermediates.noindex/FdC\ Railway\ Manager.build/Debug-iphonesimulator/FdC\ Railway\ Manager.build/FdC\ Railway\ Manager-DebugDylibPath-normal-arm64.txt -Xlinker -sectcreate -Xlinker __TEXT -Xlinker __debug_instlnm -Xlinker /Users/michelebigi/Library/Developer/Xcode/DerivedData/FdC_Railway_Manager-eftciwgatnstcfgxbvwagoyugjai/Build/Intermediates.noindex/FdC\ Railway\ Manager.build/Debug-iphonesimulator/FdC\ Railway\ Manager.build/FdC\ Railway\ Manager-DebugDylibInstallName-normal-arm64.txt -Xlinker -filelist -Xlinker /Users/michelebigi/Library/Developer/Xcode/DerivedData/FdC_Railway_Manager-eftciwgatnstcfgxbvwagoyugjai/Build/Intermediates.noindex/FdC\ Railway\ Manager.build/Debug-iphonesimulator/FdC\ Railway\ Manager.build/FdC\ Railway\ Manager-ExecutorLinkFileList-normal-arm64.txt -Xlinker -sectcreate -Xlinker __TEXT -Xlinker __entitlements -Xlinker /Users/michelebigi/Library/Developer/Xcode/DerivedData/FdC_Railway_Manager-eftciwgatnstcfgxbvwagoyugjai/Build/Intermediates.noindex/FdC\ Railway\ Manager.build/Debug-iphonesimulator/FdC\ Railway\ Manager.build/FdC\ Railway\ Manager.app-Simulated.xcent -Xlinker -sectcreate -Xlinker __TEXT -Xlinker __ents_der -Xlinker /Users/michelebigi/Library/Developer/Xcode/DerivedData/FdC_Railway_Manager-eftciwgatnstcfgxbvwagoyugjai/Build/Intermediates.noindex/FdC\ Railway\ Manager.build/Debug-iphonesimulator/FdC\ Railway\ Manager.build/FdC\ Railway\ Manager.app-Simulated.xcent.der /Users/michelebigi/Library/Developer/Xcode/DerivedData/FdC_Railway_Manager-eftciwgatnstcfgxbvwagoyugjai/Build/Products/Debug-iphonesimulator/FdC\ Railway\ Manager.app/FdC\ Railway\ Manager.debug.dylib -Xlinker -no_adhoc_codesign -o /Users/michelebigi/Library/Developer/Xcode/DerivedData/FdC_Railway_Manager-eftciwgatnstcfgxbvwagoyugjai/Build/Products/Debug-iphonesimulator/FdC\ Railway\ Manager.app/FdC\ Railway\ Manager

CopySwiftLibs /Users/michelebigi/Library/Developer/Xcode/DerivedData/FdC_Railway_Manager-eftciwgatnstcfgxbvwagoyugjai/Build/Products/Debug-iphonesimulator/FdC\ Railway\ Manager.app (in target 'FdC Railway Manager' from project 'FdC Railway Manager')
    cd /Users/michelebigi/Documents/Develop/XCode/FdC/FdC\ Railway\ Manager
    builtin-swiftStdLibTool --copy --verbose --sign - --scan-executable /Users/michelebigi/Library/Developer/Xcode/DerivedData/FdC_Railway_Manager-eftciwgatnstcfgxbvwagoyugjai/Build/Products/Debug-iphonesimulator/FdC\ Railway\ Manager.app/FdC\ Railway\ Manager.debug.dylib --scan-folder /Users/michelebigi/Library/Developer/Xcode/DerivedData/FdC_Railway_Manager-eftciwgatnstcfgxbvwagoyugjai/Build/Products/Debug-iphonesimulator/FdC\ Railway\ Manager.app/Frameworks --scan-folder /Users/michelebigi/Library/Developer/Xcode/DerivedData/FdC_Railway_Manager-eftciwgatnstcfgxbvwagoyugjai/Build/Products/Debug-iphonesimulator/FdC\ Railway\ Manager.app/PlugIns --scan-folder /Users/michelebigi/Library/Developer/Xcode/DerivedData/FdC_Railway_Manager-eftciwgatnstcfgxbvwagoyugjai/Build/Products/Debug-iphonesimulator/FdC\ Railway\ Manager.app/SystemExtensions --scan-folder /Users/michelebigi/Library/Developer/Xcode/DerivedData/FdC_Railway_Manager-eftciwgatnstcfgxbvwagoyugjai/Build/Products/Debug-iphonesimulator/FdC\ Railway\ Manager.app/Extensions --platform iphonesimulator --toolchain /Applications/Xcode.app/Contents/Developer/Toolchains/XcodeDefault.xctoolchain --destination /Users/michelebigi/Library/Developer/Xcode/DerivedData/FdC_Railway_Manager-eftciwgatnstcfgxbvwagoyugjai/Build/Products/Debug-iphonesimulator/FdC\ Railway\ Manager.app/Frameworks --strip-bitcode --strip-bitcode-tool /Applications/Xcode.app/Contents/Developer/Toolchains/XcodeDefault.xctoolchain/usr/bin/bitcode_strip --emit-dependency-info /Users/michelebigi/Library/Developer/Xcode/DerivedData/FdC_Railway_Manager-eftciwgatnstcfgxbvwagoyugjai/Build/Intermediates.noindex/FdC\ Railway\ Manager.build/Debug-iphonesimulator/FdC\ Railway\ Manager.build/SwiftStdLibToolInputDependencies.dep --filter-for-swift-os

ExtractAppIntentsMetadata (in target 'FdC Railway Manager' from project 'FdC Railway Manager')
    cd /Users/michelebigi/Documents/Develop/XCode/FdC/FdC\ Railway\ Manager
    /Applications/Xcode.app/Contents/Developer/Toolchains/XcodeDefault.xctoolchain/usr/bin/appintentsmetadataprocessor --toolchain-dir /Applications/Xcode.app/Contents/Developer/Toolchains/XcodeDefault.xctoolchain --module-name FdC_Railway_Manager --sdk-root /Applications/Xcode.app/Contents/Developer/Platforms/iPhoneSimulator.platform/Developer/SDKs/iPhoneSimulator26.2.sdk --xcode-version 17C519 --platform-family iOS --deployment-target 17.6 --bundle-identifier it.fdc.railway-manager --output /Users/michelebigi/Library/Developer/Xcode/DerivedData/FdC_Railway_Manager-eftciwgatnstcfgxbvwagoyugjai/Build/Products/Debug-iphonesimulator/FdC\ Railway\ Manager.app --target-triple arm64-apple-ios17.6-simulator --binary-file /Users/michelebigi/Library/Developer/Xcode/DerivedData/FdC_Railway_Manager-eftciwgatnstcfgxbvwagoyugjai/Build/Products/Debug-iphonesimulator/FdC\ Railway\ Manager.app/FdC\ Railway\ Manager --dependency-file /Users/michelebigi/Library/Developer/Xcode/DerivedData/FdC_Railway_Manager-eftciwgatnstcfgxbvwagoyugjai/Build/Intermediates.noindex/FdC\ Railway\ Manager.build/Debug-iphonesimulator/FdC\ Railway\ Manager.build/Objects-normal/arm64/FdC\ Railway\ Manager_dependency_info.dat --stringsdata-file /Users/michelebigi/Library/Developer/Xcode/DerivedData/FdC_Railway_Manager-eftciwgatnstcfgxbvwagoyugjai/Build/Intermediates.noindex/FdC\ Railway\ Manager.build/Debug-iphonesimulator/FdC\ Railway\ Manager.build/Objects-normal/arm64/ExtractedAppShortcutsMetadata.stringsdata --source-file-list /Users/michelebigi/Library/Developer/Xcode/DerivedData/FdC_Railway_Manager-eftciwgatnstcfgxbvwagoyugjai/Build/Intermediates.noindex/FdC\ Railway\ Manager.build/Debug-iphonesimulator/FdC\ Railway\ Manager.build/Objects-normal/arm64/FdC\ Railway\ Manager.SwiftFileList --metadata-file-list /Users/michelebigi/Library/Developer/Xcode/DerivedData/FdC_Railway_Manager-eftciwgatnstcfgxbvwagoyugjai/Build/Intermediates.noindex/FdC\ Railway\ Manager.build/Debug-iphonesimulator/FdC\ Railway\ Manager.build/FdC\ Railway\ Manager.DependencyMetadataFileList --static-metadata-file-list /Users/michelebigi/Library/Developer/Xcode/DerivedData/FdC_Railway_Manager-eftciwgatnstcfgxbvwagoyugjai/Build/Intermediates.noindex/FdC\ Railway\ Manager.build/Debug-iphonesimulator/FdC\ Railway\ Manager.build/FdC\ Railway\ Manager.DependencyStaticMetadataFileList --swift-const-vals-list /Users/michelebigi/Library/Developer/Xcode/DerivedData/FdC_Railway_Manager-eftciwgatnstcfgxbvwagoyugjai/Build/Intermediates.noindex/FdC\ Railway\ Manager.build/Debug-iphonesimulator/FdC\ Railway\ Manager.build/Objects-normal/arm64/FdC\ Railway\ Manager.SwiftConstValuesFileList --compile-time-extraction --deployment-aware-processing --validate-assistant-intents --no-app-shortcuts-localization
2026-02-27 12:36:47.912 appintentsmetadataprocessor[99403:9057883] Starting appintentsmetadataprocessor export
2026-02-27 12:36:47.913 appintentsmetadataprocessor[99403:9057883] warning: Metadata extraction skipped. No AppIntents.framework dependency found.

CodeSign /Users/michelebigi/Library/Developer/Xcode/DerivedData/FdC_Railway_Manager-eftciwgatnstcfgxbvwagoyugjai/Build/Products/Debug-iphonesimulator/FdC\ Railway\ Manager.app/FdC\ Railway\ Manager.debug.dylib (in target 'FdC Railway Manager' from project 'FdC Railway Manager')
    cd /Users/michelebigi/Documents/Develop/XCode/FdC/FdC\ Railway\ Manager
    
    Signing Identity:     "Sign to Run Locally"
    
    /usr/bin/codesign --force --sign - --timestamp\=none --generate-entitlement-der /Users/michelebigi/Library/Developer/Xcode/DerivedData/FdC_Railway_Manager-eftciwgatnstcfgxbvwagoyugjai/Build/Products/Debug-iphonesimulator/FdC\ Railway\ Manager.app/FdC\ Railway\ Manager.debug.dylib

CodeSign /Users/michelebigi/Library/Developer/Xcode/DerivedData/FdC_Railway_Manager-eftciwgatnstcfgxbvwagoyugjai/Build/Products/Debug-iphonesimulator/FdC\ Railway\ Manager.app/__preview.dylib (in target 'FdC Railway Manager' from project 'FdC Railway Manager')
    cd /Users/michelebigi/Documents/Develop/XCode/FdC/FdC\ Railway\ Manager
    
    Signing Identity:     "Sign to Run Locally"
    
    /usr/bin/codesign --force --sign - --timestamp\=none --generate-entitlement-der /Users/michelebigi/Library/Developer/Xcode/DerivedData/FdC_Railway_Manager-eftciwgatnstcfgxbvwagoyugjai/Build/Products/Debug-iphonesimulator/FdC\ Railway\ Manager.app/__preview.dylib
/Users/michelebigi/Library/Developer/Xcode/DerivedData/FdC_Railway_Manager-eftciwgatnstcfgxbvwagoyugjai/Build/Products/Debug-iphonesimulator/FdC Railway Manager.app/__preview.dylib: replacing existing signature

CodeSign /Users/michelebigi/Library/Developer/Xcode/DerivedData/FdC_Railway_Manager-eftciwgatnstcfgxbvwagoyugjai/Build/Products/Debug-iphonesimulator/FdC\ Railway\ Manager.app (in target 'FdC Railway Manager' from project 'FdC Railway Manager')
    cd /Users/michelebigi/Documents/Develop/XCode/FdC/FdC\ Railway\ Manager
    
    Signing Identity:     "Sign to Run Locally"
    
    /usr/bin/codesign --force --sign - --timestamp\=none --generate-entitlement-der /Users/michelebigi/Library/Developer/Xcode/DerivedData/FdC_Railway_Manager-eftciwgatnstcfgxbvwagoyugjai/Build/Products/Debug-iphonesimulator/FdC\ Railway\ Manager.app

Validate /Users/michelebigi/Library/Developer/Xcode/DerivedData/FdC_Railway_Manager-eftciwgatnstcfgxbvwagoyugjai/Build/Products/Debug-iphonesimulator/FdC\ Railway\ Manager.app (in target 'FdC Railway Manager' from project 'FdC Railway Manager')
    cd /Users/michelebigi/Documents/Develop/XCode/FdC/FdC\ Railway\ Manager
    builtin-validationUtility /Users/michelebigi/Library/Developer/Xcode/DerivedData/FdC_Railway_Manager-eftciwgatnstcfgxbvwagoyugjai/Build/Products/Debug-iphonesimulator/FdC\ Railway\ Manager.app -shallow-bundle -infoplist-subpath Info.plist

/Users/michelebigi/Documents/Develop/XCode/FdC/FdC Railway Manager/FdC Railway Manager.xcodeproj: warning: The Copy Bundle Resources build phase contains this target's Info.plist file '/Users/michelebigi/Documents/Develop/XCode/FdC/FdC Railway Manager/FdC Railway Manager/FdC-Info.plist'. (in target 'FdC Railway Manager' from project 'FdC Railway Manager')
warning: Skipping duplicate build file in Compile Sources build phase: /Users/michelebigi/Documents/Develop/XCode/FdC/FdC Railway Manager/FdC Railway Manager/UI/Panels/Floating/CompactInfoRow.swift (in target 'FdC Railway Manager' from project 'FdC Railway Manager')
warning: Skipping duplicate build file in Compile Sources build phase: /Users/michelebigi/Documents/Develop/XCode/FdC/FdC Railway Manager/FdC Railway Manager/UI/Panels/Floating/ContextualInspector.swift (in target 'FdC Railway Manager' from project 'FdC Railway Manager')
warning: Skipping duplicate build file in Compile Sources build phase: /Users/michelebigi/Documents/Develop/XCode/FdC/FdC Railway Manager/FdC Railway Manager/UI/Panels/Floating/EdgeRowButton.swift (in target 'FdC Railway Manager' from project 'FdC Railway Manager')
warning: Skipping duplicate build file in Compile Sources build phase: /Users/michelebigi/Documents/Develop/XCode/FdC/FdC Railway Manager/FdC Railway Manager/UI/Panels/Floating/FerroviaRowContent.swift (in target 'FdC Railway Manager' from project 'FdC Railway Manager')
warning: Skipping duplicate build file in Compile Sources build phase: /Users/michelebigi/Documents/Develop/XCode/FdC/FdC Railway Manager/FdC Railway Manager/UI/Panels/Floating/FloatingModeBar.swift (in target 'FdC Railway Manager' from project 'FdC Railway Manager')
warning: Skipping duplicate build file in Compile Sources build phase: /Users/michelebigi/Documents/Develop/XCode/FdC/FdC Railway Manager/FdC Railway Manager/UI/Panels/Floating/FloatingSideMenu.swift (in target 'FdC Railway Manager' from project 'FdC Railway Manager')
warning: Skipping duplicate build file in Compile Sources build phase: /Users/michelebigi/Documents/Develop/XCode/FdC/FdC Railway Manager/FdC Railway Manager/UI/Panels/Floating/InspectorWrapperView.swift (in target 'FdC Railway Manager' from project 'FdC Railway Manager')
warning: Skipping duplicate build file in Compile Sources build phase: /Users/michelebigi/Documents/Develop/XCode/FdC/FdC Railway Manager/FdC Railway Manager/UI/Panels/Floating/LineInfrastructureView.swift (in target 'FdC Railway Manager' from project 'FdC Railway Manager')
warning: Skipping duplicate build file in Compile Sources build phase: /Users/michelebigi/Documents/Develop/XCode/FdC/FdC Railway Manager/FdC Railway Manager/UI/Panels/Floating/LinePropertyEditor.swift (in target 'FdC Railway Manager' from project 'FdC Railway Manager')
warning: Skipping duplicate build file in Compile Sources build phase: /Users/michelebigi/Documents/Develop/XCode/FdC/FdC Railway Manager/FdC Railway Manager/UI/Panels/Floating/LineQuickStats.swift (in target 'FdC Railway Manager' from project 'FdC Railway Manager')
warning: Skipping duplicate build file in Compile Sources build phase: /Users/michelebigi/Documents/Develop/XCode/FdC/FdC Railway Manager/FdC Railway Manager/UI/Panels/Floating/LineRow.swift (in target 'FdC Railway Manager' from project 'FdC Railway Manager')
warning: Skipping duplicate build file in Compile Sources build phase: /Users/michelebigi/Documents/Develop/XCode/FdC/FdC Railway Manager/FdC Railway Manager/UI/Panels/Floating/LineRowContent.swift (in target 'FdC Railway Manager' from project 'FdC Railway Manager')
warning: Skipping duplicate build file in Compile Sources build phase: /Users/michelebigi/Documents/Develop/XCode/FdC/FdC Railway Manager/FdC Railway Manager/UI/Panels/Floating/LineScheduleSummaryView.swift (in target 'FdC Railway Manager' from project 'FdC Railway Manager')
warning: Skipping duplicate build file in Compile Sources build phase: /Users/michelebigi/Documents/Develop/XCode/FdC/FdC Railway Manager/FdC Railway Manager/UI/Panels/Floating/LineVehiclesView.swift (in target 'FdC Railway Manager' from project 'FdC Railway Manager')
warning: Skipping duplicate build file in Compile Sources build phase: /Users/michelebigi/Documents/Develop/XCode/FdC/FdC Railway Manager/FdC Railway Manager/UI/Panels/Floating/MenuRow.swift (in target 'FdC Railway Manager' from project 'FdC Railway Manager')
warning: Skipping duplicate build file in Compile Sources build phase: /Users/michelebigi/Documents/Develop/XCode/FdC/FdC Railway Manager/FdC Railway Manager/UI/Panels/Floating/MetricView.swift (in target 'FdC Railway Manager' from project 'FdC Railway Manager')
warning: Skipping duplicate build file in Compile Sources build phase: /Users/michelebigi/Documents/Develop/XCode/FdC/FdC Railway Manager/FdC Railway Manager/UI/Panels/Floating/RoundedCorner.swift (in target 'FdC Railway Manager' from project 'FdC Railway Manager')
warning: Skipping duplicate build file in Compile Sources build phase: /Users/michelebigi/Documents/Develop/XCode/FdC/FdC Railway Manager/FdC Railway Manager/UI/Panels/Floating/RoutingConstraintRow.swift (in target 'FdC Railway Manager' from project 'FdC Railway Manager')
warning: Skipping duplicate build file in Compile Sources build phase: /Users/michelebigi/Documents/Develop/XCode/FdC/FdC Railway Manager/FdC Railway Manager/UI/Panels/Floating/SidebarButton.swift (in target 'FdC Railway Manager' from project 'FdC Railway Manager')
warning: Skipping duplicate build file in Compile Sources build phase: /Users/michelebigi/Documents/Develop/XCode/FdC/FdC Railway Manager/FdC Railway Manager/UI/Panels/Floating/SidebarSection.swift (in target 'FdC Railway Manager' from project 'FdC Railway Manager')
warning: Skipping duplicate build file in Compile Sources build phase: /Users/michelebigi/Documents/Develop/XCode/FdC/FdC Railway Manager/FdC Railway Manager/UI/Panels/Floating/SidebarSubButton.swift (in target 'FdC Railway Manager' from project 'FdC Railway Manager')
warning: Skipping duplicate build file in Compile Sources build phase: /Users/michelebigi/Documents/Develop/XCode/FdC/FdC Railway Manager/FdC Railway Manager/UI/Panels/Floating/StationInlineEditor.swift (in target 'FdC Railway Manager' from project 'FdC Railway Manager')
warning: Skipping duplicate build file in Compile Sources build phase: /Users/michelebigi/Documents/Develop/XCode/FdC/FdC Railway Manager/FdC Railway Manager/UI/Panels/Floating/StationQuickStats.swift (in target 'FdC Railway Manager' from project 'FdC Railway Manager')
warning: Skipping duplicate build file in Compile Sources build phase: /Users/michelebigi/Documents/Develop/XCode/FdC/FdC Railway Manager/FdC Railway Manager/UI/Panels/Floating/StationRoutingConstraintsView.swift (in target 'FdC Railway Manager' from project 'FdC Railway Manager')
warning: Skipping duplicate build file in Compile Sources build phase: /Users/michelebigi/Documents/Develop/XCode/FdC/FdC Railway Manager/FdC Railway Manager/UI/Panels/Floating/StationRowContent.swift (in target 'FdC Railway Manager' from project 'FdC Railway Manager')
warning: Skipping duplicate build file in Compile Sources build phase: /Users/michelebigi/Documents/Develop/XCode/FdC/FdC Railway Manager/FdC Railway Manager/UI/Panels/Floating/TrackInlineEditor.swift (in target 'FdC Railway Manager' from project 'FdC Railway Manager')
warning: Skipping duplicate build file in Compile Sources build phase: /Users/michelebigi/Documents/Develop/XCode/FdC/FdC Railway Manager/FdC Railway Manager/UI/Panels/Floating/TrackQuickStats.swift (in target 'FdC Railway Manager' from project 'FdC Railway Manager')
warning: Skipping duplicate build file in Compile Sources build phase: /Users/michelebigi/Documents/Develop/XCode/FdC/FdC Railway Manager/FdC Railway Manager/UI/Panels/Floating/TrackRowContent.swift (in target 'FdC Railway Manager' from project 'FdC Railway Manager')
warning: Skipping duplicate build file in Compile Sources build phase: /Users/michelebigi/Documents/Develop/XCode/FdC/FdC Railway Manager/FdC Railway Manager/UI/Panels/Floating/View.swift (in target 'FdC Railway Manager' from project 'FdC Railway Manager')
warning: Skipping duplicate build file in Compile Sources build phase: /Users/michelebigi/Documents/Develop/XCode/FdC/FdC Railway Manager/FdC Railway Manager/UI/Views/AltimetricProfile/AltimetricProfileView.swift (in target 'FdC Railway Manager' from project 'FdC Railway Manager')
warning: Skipping duplicate build file in Compile Sources build phase: /Users/michelebigi/Documents/Develop/XCode/FdC/FdC Railway Manager/FdC Railway Manager/UI/Views/AltimetricProfile/DraggablePointView.swift (in target 'FdC Railway Manager' from project 'FdC Railway Manager')
warning: Skipping duplicate build file in Compile Sources build phase: /Users/michelebigi/Documents/Develop/XCode/FdC/FdC Railway Manager/FdC Railway Manager/UI/Views/AltimetricProfile/IntermediatePointView.swift (in target 'FdC Railway Manager' from project 'FdC Railway Manager')
warning: Skipping duplicate build file in Compile Sources build phase: /Users/michelebigi/Documents/Develop/XCode/FdC/FdC Railway Manager/FdC Railway Manager/UI/Views/AltimetricProfile/MultiSelectionEditor.swift (in target 'FdC Railway Manager' from project 'FdC Railway Manager')
warning: Skipping duplicate build file in Compile Sources build phase: /Users/michelebigi/Documents/Develop/XCode/FdC/FdC Railway Manager/FdC Railway Manager/UI/Views/ContentViewOverlays/InspectorOverlay.swift (in target 'FdC Railway Manager' from project 'FdC Railway Manager')
warning: Skipping duplicate build file in Compile Sources build phase: /Users/michelebigi/Documents/Develop/XCode/FdC/FdC Railway Manager/FdC Railway Manager/UI/Views/ContentViewOverlays/ModeBarOverlay.swift (in target 'FdC Railway Manager' from project 'FdC Railway Manager')
warning: Skipping duplicate build file in Compile Sources build phase: /Users/michelebigi/Documents/Develop/XCode/FdC/FdC Railway Manager/FdC Railway Manager/UI/Views/ContentViewOverlays/ModernInspectorPanel.swift (in target 'FdC Railway Manager' from project 'FdC Railway Manager')
warning: Skipping duplicate build file in Compile Sources build phase: /Users/michelebigi/Documents/Develop/XCode/FdC/FdC Railway Manager/FdC Railway Manager/UI/Views/ContentViewOverlays/SidebarOverlay.swift (in target 'FdC Railway Manager' from project 'FdC Railway Manager')
warning: Skipping duplicate build file in Compile Sources build phase: /Users/michelebigi/Documents/Develop/XCode/FdC/FdC Railway Manager/FdC Railway Manager/UI/Views/ContentViewOverlays/WidePanelOverlay.swift (in target 'FdC Railway Manager' from project 'FdC Railway Manager')
warning: Skipping duplicate build file in Compile Sources build phase: /Users/michelebigi/Documents/Develop/XCode/FdC/FdC Railway Manager/FdC Railway Manager/UI/Views/RailwayMap/CoordinateGridShape.swift (in target 'FdC Railway Manager' from project 'FdC Railway Manager')
warning: Skipping duplicate build file in Compile Sources build phase: /Users/michelebigi/Documents/Develop/XCode/FdC/FdC Railway Manager/FdC Railway Manager/UI/Views/RailwayMap/InfrastructureCanvas.swift (in target 'FdC Railway Manager' from project 'FdC Railway Manager')
warning: Skipping duplicate build file in Compile Sources build phase: /Users/michelebigi/Documents/Develop/XCode/FdC/FdC Railway Manager/FdC Railway Manager/UI/Views/RailwayMap/MapControlsView.swift (in target 'FdC Railway Manager' from project 'FdC Railway Manager')
warning: Skipping duplicate build file in Compile Sources build phase: /Users/michelebigi/Documents/Develop/XCode/FdC/FdC Railway Manager/FdC Railway Manager/UI/Views/RailwayMap/RailwayMapView.swift (in target 'FdC Railway Manager' from project 'FdC Railway Manager')
warning: Skipping duplicate build file in Compile Sources build phase: /Users/michelebigi/Documents/Develop/XCode/FdC/FdC Railway Manager/FdC Railway Manager/UI/Views/RailwayMap/SchematicRailwayView.swift (in target 'FdC Railway Manager' from project 'FdC Railway Manager')
warning: Skipping duplicate build file in Compile Sources build phase: /Users/michelebigi/Documents/Develop/XCode/FdC/FdC Railway Manager/FdC Railway Manager/UI/Views/RailwayMap/StationMarkersView.swift (in target 'FdC Railway Manager' from project 'FdC Railway Manager')
warning: Skipping duplicate build file in Compile Sources build phase: /Users/michelebigi/Documents/Develop/XCode/FdC/FdC Railway Manager/FdC Railway Manager/UI/Views/RailwayMap/StationNodeView.swift (in target 'FdC Railway Manager' from project 'FdC Railway Manager')
warning: Skipping duplicate build file in Compile Sources build phase: /Users/michelebigi/Documents/Develop/XCode/FdC/FdC Railway Manager/FdC Railway Manager/UI/Views/RailwayMap/TrainOverlayCanvas.swift (in target 'FdC Railway Manager' from project 'FdC Railway Manager')
warning: Skipping duplicate build file in Compile Sources build phase: /Users/michelebigi/Documents/Develop/XCode/FdC/FdC Railway Manager/FdC Railway Manager/UI/Views/ScheduleCreation/ScheduleChangeModifiersA.swift (in target 'FdC Railway Manager' from project 'FdC Railway Manager')
warning: Skipping duplicate build file in Compile Sources build phase: /Users/michelebigi/Documents/Develop/XCode/FdC/FdC Railway Manager/FdC Railway Manager/UI/Views/ScheduleCreation/ScheduleChangeModifiersB.swift (in target 'FdC Railway Manager' from project 'FdC Railway Manager')
warning: Skipping duplicate build file in Compile Sources build phase: /Users/michelebigi/Documents/Develop/XCode/FdC/FdC Railway Manager/FdC Railway Manager/UI/Views/ScheduleCreation/ScheduleChangeModifiersB1.swift (in target 'FdC Railway Manager' from project 'FdC Railway Manager')
warning: Skipping duplicate build file in Compile Sources build phase: /Users/michelebigi/Documents/Develop/XCode/FdC/FdC Railway Manager/FdC Railway Manager/UI/Views/ScheduleCreation/ScheduleChangeModifiersB2.swift (in target 'FdC Railway Manager' from project 'FdC Railway Manager')
warning: Skipping duplicate build file in Compile Sources build phase: /Users/michelebigi/Documents/Develop/XCode/FdC/FdC Railway Manager/FdC Railway Manager/UI/Views/ScheduleCreation/ScheduleCreationView.swift (in target 'FdC Railway Manager' from project 'FdC Railway Manager')
warning: Skipping duplicate build file in Compile Sources build phase: /Users/michelebigi/Documents/Develop/XCode/FdC/FdC Railway Manager/FdC Railway Manager/UI/Views/ScheduleCreation/StationPickerRow.swift (in target 'FdC Railway Manager' from project 'FdC Railway Manager')
warning: Skipping duplicate build file in Compile Sources build phase: /Users/michelebigi/Documents/Develop/XCode/FdC/FdC Railway Manager/FdC Railway Manager/UI/Views/ContentViewOverlays/SimulationControlsOverlay.swift (in target 'FdC Railway Manager' from project 'FdC Railway Manager')
warning: Skipping duplicate build file in Compile Sources build phase: /Users/michelebigi/Documents/Develop/XCode/FdC/FdC Railway Manager/FdC Railway Manager/UI/Views/ContentViewOverlays/EdgeGestureDetectors.swift (in target 'FdC Railway Manager' from project 'FdC Railway Manager')
warning: Skipping duplicate build file in Compile Sources build phase: /Users/michelebigi/Documents/Develop/XCode/FdC/FdC Railway Manager/FdC Railway Manager/UI/Views/IOManagement/IOManagementView.swift (in target 'FdC Railway Manager' from project 'FdC Railway Manager')
warning: Skipping duplicate build file in Compile Sources build phase: /Users/michelebigi/Documents/Develop/XCode/FdC/FdC Railway Manager/FdC Railway Manager/UI/Views/IOManagement/RailwayNetworkDocument.swift (in target 'FdC Railway Manager' from project 'FdC Railway Manager')
warning: Skipping duplicate build file in Compile Sources build phase: /Users/michelebigi/Documents/Develop/XCode/FdC/FdC Railway Manager/FdC Railway Manager/UI/Views/IOManagement/InfrastructureDocument.swift (in target 'FdC Railway Manager' from project 'FdC Railway Manager')
warning: Skipping duplicate build file in Compile Sources build phase: /Users/michelebigi/Documents/Develop/XCode/FdC/FdC Railway Manager/FdC Railway Manager/UI/Views/IOManagement/InfrastructurePayload.swift (in target 'FdC Railway Manager' from project 'FdC Railway Manager')
warning: Skipping duplicate build file in Compile Sources build phase: /Users/michelebigi/Documents/Develop/XCode/FdC/FdC Railway Manager/FdC Railway Manager/UI/Views/IOManagement/StationSnippet.swift (in target 'FdC Railway Manager' from project 'FdC Railway Manager')
warning: Skipping duplicate build file in Compile Sources build phase: /Users/michelebigi/Documents/Develop/XCode/FdC/FdC Railway Manager/FdC Railway Manager/UI/Views/IOManagement/TrackSnippet.swift (in target 'FdC Railway Manager' from project 'FdC Railway Manager')
warning: Skipping duplicate build file in Compile Sources build phase: /Users/michelebigi/Documents/Develop/XCode/FdC/FdC Railway Manager/FdC Railway Manager/UI/Views/Scheduler/SchedulerView.swift (in target 'FdC Railway Manager' from project 'FdC Railway Manager')
warning: Skipping duplicate build file in Compile Sources build phase: /Users/michelebigi/Documents/Develop/XCode/FdC/FdC Railway Manager/FdC Railway Manager/UI/Views/Scheduler/TimetableChartView.swift (in target 'FdC Railway Manager' from project 'FdC Railway Manager')
warning: Skipping duplicate build file in Compile Sources build phase: /Users/michelebigi/Documents/Develop/XCode/FdC/FdC Railway Manager/FdC Railway Manager/UI/Views/Scheduler/TimetableChart.swift (in target 'FdC Railway Manager' from project 'FdC Railway Manager')
warning: Skipping duplicate build file in Compile Sources build phase: /Users/michelebigi/Documents/Develop/XCode/FdC/FdC Railway Manager/FdC Railway Manager/UI/Views/Scheduler/TimetableChartData.swift (in target 'FdC Railway Manager' from project 'FdC Railway Manager')
warning: Skipping duplicate build file in Compile Sources build phase: /Users/michelebigi/Documents/Develop/XCode/FdC/FdC Railway Manager/FdC Railway Manager/UI/Views/Scheduler/TrainsDetailView.swift (in target 'FdC Railway Manager' from project 'FdC Railway Manager')
warning: Skipping duplicate build file in Compile Sources build phase: /Users/michelebigi/Documents/Develop/XCode/FdC/FdC Railway Manager/FdC Railway Manager/UI/Views/Scheduler/SchedulerResultDocument.swift (in target 'FdC Railway Manager' from project 'FdC Railway Manager')
warning: Skipping duplicate build file in Compile Sources build phase: /Users/michelebigi/Documents/Develop/XCode/FdC/FdC Railway Manager/FdC Railway Manager/UI/Views/Scheduler/FDCFileDocument.swift (in target 'FdC Railway Manager' from project 'FdC Railway Manager')
warning: Skipping duplicate build file in Compile Sources build phase: /Users/michelebigi/Documents/Develop/XCode/FdC/FdC Railway Manager/FdC Railway Manager/UI/Views/Scheduler/ManualEditView.swift (in target 'FdC Railway Manager' from project 'FdC Railway Manager')
warning: Skipping duplicate build file in Compile Sources build phase: /Users/michelebigi/Documents/Develop/XCode/FdC/FdC Railway Manager/FdC Railway Manager/UI/Views/Scheduler/PrintView.swift (in target 'FdC Railway Manager' from project 'FdC Railway Manager')
warning: Skipping duplicate build file in Compile Sources build phase: /Users/michelebigi/Documents/Develop/XCode/FdC/FdC Railway Manager/FdC Railway Manager/UI/Views/VerticalTrackDiagram/VerticalTrackDiagramView.swift (in target 'FdC Railway Manager' from project 'FdC Railway Manager')
warning: Skipping duplicate build file in Compile Sources build phase: /Users/michelebigi/Documents/Develop/XCode/FdC/FdC Railway Manager/FdC Railway Manager/Models/ElectrificationType.swift (in target 'FdC Railway Manager' from project 'FdC Railway Manager')
warning: Skipping duplicate build file in Compile Sources build phase: /Users/michelebigi/Documents/Develop/XCode/FdC/FdC Railway Manager/FdC Railway Manager/Models/RailwayNetworkDTO.swift (in target 'FdC Railway Manager' from project 'FdC Railway Manager')
warning: Skipping duplicate build file in Compile Sources build phase: /Users/michelebigi/Documents/Develop/XCode/FdC/FdC Railway Manager/FdC Railway Manager/Models/AIScheduleSuggestion.swift (in target 'FdC Railway Manager' from project 'FdC Railway Manager')
warning: Skipping duplicate build file in Compile Sources build phase: /Users/michelebigi/Documents/Develop/XCode/FdC/FdC Railway Manager/FdC Railway Manager/Models/RoutingConstraint.swift (in target 'FdC Railway Manager' from project 'FdC Railway Manager')
warning: Skipping duplicate build file in Compile Sources build phase: /Users/michelebigi/Documents/Develop/XCode/FdC/FdC Railway Manager/FdC Railway Manager/Models/Node.swift (in target 'FdC Railway Manager' from project 'FdC Railway Manager')
warning: Skipping duplicate build file in Compile Sources build phase: /Users/michelebigi/Documents/Develop/XCode/FdC/FdC Railway Manager/FdC Railway Manager/Models/TrainCategory.swift (in target 'FdC Railway Manager' from project 'FdC Railway Manager')
warning: Skipping duplicate build file in Compile Sources build phase: /Users/michelebigi/Documents/Develop/XCode/FdC/FdC Railway Manager/FdC Railway Manager/Models/Edge.swift (in target 'FdC Railway Manager' from project 'FdC Railway Manager')
warning: Skipping duplicate build file in Compile Sources build phase: /Users/michelebigi/Documents/Develop/XCode/FdC/FdC Railway Manager/FdC Railway Manager/Models/TrackSegment.swift (in target 'FdC Railway Manager' from project 'FdC Railway Manager')
warning: Skipping duplicate build file in Compile Sources build phase: /Users/michelebigi/Documents/Develop/XCode/FdC/FdC Railway Manager/FdC Railway Manager/Models/Signal.swift (in target 'FdC Railway Manager' from project 'FdC Railway Manager')
warning: Skipping duplicate build file in Compile Sources build phase: /Users/michelebigi/Documents/Develop/XCode/FdC/FdC Railway Manager/FdC Railway Manager/Models/Switch.swift (in target 'FdC Railway Manager' from project 'FdC Railway Manager')
warning: Skipping duplicate build file in Compile Sources build phase: /Users/michelebigi/Documents/Develop/XCode/FdC/FdC Railway Manager/FdC Railway Manager/Models/RelationStop.swift (in target 'FdC Railway Manager' from project 'FdC Railway Manager')
warning: Skipping duplicate build file in Compile Sources build phase: /Users/michelebigi/Documents/Develop/XCode/FdC/FdC Railway Manager/FdC Railway Manager/Models/Vehicle.swift (in target 'FdC Railway Manager' from project 'FdC Railway Manager')
warning: Skipping duplicate build file in Compile Sources build phase: /Users/michelebigi/Documents/Develop/XCode/FdC/FdC Railway Manager/FdC Railway Manager/Models/VehicleConflict.swift (in target 'FdC Railway Manager' from project 'FdC Railway Manager')
warning: Skipping duplicate build file in Compile Sources build phase: /Users/michelebigi/Documents/Develop/XCode/FdC/FdC Railway Manager/FdC Railway Manager/Models/VehicleTemplate.swift (in target 'FdC Railway Manager' from project 'FdC Railway Manager')
warning: Skipping duplicate build file in Compile Sources build phase: /Users/michelebigi/Documents/Develop/XCode/FdC/FdC Railway Manager/FdC Railway Manager/Models/Train.swift (in target 'FdC Railway Manager' from project 'FdC Railway Manager')
warning: Skipping duplicate build file in Compile Sources build phase: /Users/michelebigi/Documents/Develop/XCode/FdC/FdC Railway Manager/FdC Railway Manager/Models/Int.swift (in target 'FdC Railway Manager' from project 'FdC Railway Manager')
warning: Skipping duplicate build file in Compile Sources build phase: /Users/michelebigi/Documents/Develop/XCode/FdC/FdC Railway Manager/FdC Railway Manager/Models/TypeAliases.swift (in target 'FdC Railway Manager' from project 'FdC Railway Manager')
warning: Skipping duplicate build file in Compile Sources build phase: /Users/michelebigi/Documents/Develop/XCode/FdC/FdC Railway Manager/FdC Railway Manager/Models/NetworkIOExporter.swift (in target 'FdC Railway Manager' from project 'FdC Railway Manager')
warning: Skipping duplicate build file in Compile Sources build phase: /Users/michelebigi/Documents/Develop/XCode/FdC/FdC Railway Manager/FdC Railway Manager/LinesManager/LinesManager.swift (in target 'FdC Railway Manager' from project 'FdC Railway Manager')
warning: Skipping duplicate build file in Compile Sources build phase: /Users/michelebigi/Documents/Develop/XCode/FdC/FdC Railway Manager/FdC Railway Manager/VehicleComponents/TrainSelectionPicker.swift (in target 'FdC Railway Manager' from project 'FdC Railway Manager')
warning: Skipping duplicate build file in Compile Sources build phase: /Users/michelebigi/Documents/Develop/XCode/FdC/FdC Railway Manager/FdC Railway Manager/VehicleComponents/VehicleEditSheet.swift (in target 'FdC Railway Manager' from project 'FdC Railway Manager')
warning: Skipping duplicate build file in Compile Sources build phase: /Users/michelebigi/Documents/Develop/XCode/FdC/FdC Railway Manager/FdC Railway Manager/VehicleComponents/VehicleInspectorView.swift (in target 'FdC Railway Manager' from project 'FdC Railway Manager')
warning: Skipping duplicate build file in Compile Sources build phase: /Users/michelebigi/Documents/Develop/XCode/FdC/FdC Railway Manager/FdC Railway Manager/RailwayScheduleOptimizer/RailwayScheduleOptimizer+CTCTaktEngine.swift (in target 'FdC Railway Manager' from project 'FdC Railway Manager')
warning: Skipping duplicate build file in Compile Sources build phase: /Users/michelebigi/Documents/Develop/XCode/FdC/FdC Railway Manager/FdC Railway Manager/RailwayScheduleOptimizer/RailwayScheduleOptimizer+Pipeline.swift (in target 'FdC Railway Manager' from project 'FdC Railway Manager')
warning: Skipping duplicate build file in Compile Sources build phase: /Users/michelebigi/Documents/Develop/XCode/FdC/FdC Railway Manager/FdC Railway Manager/RailwayScheduleOptimizer/RailwayScheduleOptimizer+TimeOptimization.swift (in target 'FdC Railway Manager' from project 'FdC Railway Manager')
warning: Skipping duplicate build file in Compile Sources build phase: /Users/michelebigi/Documents/Develop/XCode/FdC/FdC Railway Manager/FdC Railway Manager/RailwayScheduleOptimizer/RailwayScheduleOptimizer+HelpersAI.swift (in target 'FdC Railway Manager' from project 'FdC Railway Manager')
warning: Skipping duplicate build file in Compile Sources build phase: /Users/michelebigi/Documents/Develop/XCode/FdC/FdC Railway Manager/FdC Railway Manager/RailwayScheduleOptimizer/RailwayScheduleOptimizer+ScheduleHelpers.swift (in target 'FdC Railway Manager' from project 'FdC Railway Manager')
warning: Skipping duplicate build file in Compile Sources build phase: /Users/michelebigi/Documents/Develop/XCode/FdC/FdC Railway Manager/FdC Railway Manager/RailwayScheduleOptimizer/RailwayScheduleOptimizer.swift (in target 'FdC Railway Manager' from project 'FdC Railway Manager')
warning: Skipping duplicate build file in Compile Sources build phase: /Users/michelebigi/Documents/Develop/XCode/FdC/FdC Railway Manager/FdC Railway Manager/RailwayAIService/RailwayAIService+Auth.swift (in target 'FdC Railway Manager' from project 'FdC Railway Manager')
warning: Skipping duplicate build file in Compile Sources build phase: /Users/michelebigi/Documents/Develop/XCode/FdC/FdC Railway Manager/FdC Railway Manager/RailwayAIService/RailwayAIService+Training.swift (in target 'FdC Railway Manager' from project 'FdC Railway Manager')
warning: Skipping duplicate build file in Compile Sources build phase: /Users/michelebigi/Documents/Develop/XCode/FdC/FdC Railway Manager/FdC Railway Manager/RailwayAIService/RailwayAIService+Optimization.swift (in target 'FdC Railway Manager' from project 'FdC Railway Manager')
warning: Skipping duplicate build file in Compile Sources build phase: /Users/michelebigi/Documents/Develop/XCode/FdC/FdC Railway Manager/FdC Railway Manager/RailwayAIService/RailwayAIService.swift (in target 'FdC Railway Manager' from project 'FdC Railway Manager')
warning: Skipping duplicate build file in Compile Sources build phase: /Users/michelebigi/Documents/Develop/XCode/FdC/FdC Railway Manager/FdC Railway Manager/RailwayAIService/RailwayAIService+Admin.swift (in target 'FdC Railway Manager' from project 'FdC Railway Manager')
warning: Skipping duplicate build file in Compile Sources build phase: /Users/michelebigi/Documents/Develop/XCode/FdC/FdC Railway Manager/FdC Railway Manager/RailwayAIService/RailwayAIService+WebSocket.swift (in target 'FdC Railway Manager' from project 'FdC Railway Manager')
warning: Skipping duplicate build file in Compile Sources build phase: /Users/michelebigi/Documents/Develop/XCode/FdC/FdC Railway Manager/FdC Railway Manager/AppState/AppState.swift (in target 'FdC Railway Manager' from project 'FdC Railway Manager')
warning: Skipping duplicate build file in Compile Sources build phase: /Users/michelebigi/Documents/Develop/XCode/FdC/FdC Railway Manager/FdC Railway Manager/AppState/AppState+Enums.swift (in target 'FdC Railway Manager' from project 'FdC Railway Manager')
warning: Skipping duplicate build file in Compile Sources build phase: /Users/michelebigi/Documents/Develop/XCode/FdC/FdC Railway Manager/FdC Railway Manager/AppState/AppState+Theme.swift (in target 'FdC Railway Manager' from project 'FdC Railway Manager')
warning: Skipping duplicate build file in Compile Sources build phase: /Users/michelebigi/Documents/Develop/XCode/FdC/FdC Railway Manager/FdC Railway Manager/AppState/AppState+Compatibility.swift (in target 'FdC Railway Manager' from project 'FdC Railway Manager')
warning: Skipping duplicate build file in Compile Sources build phase: /Users/michelebigi/Documents/Develop/XCode/FdC/FdC Railway Manager/FdC Railway Manager/Localization/Italian.swift (in target 'FdC Railway Manager' from project 'FdC Railway Manager')
warning: Skipping duplicate build file in Compile Sources build phase: /Users/michelebigi/Documents/Develop/XCode/FdC/FdC Railway Manager/FdC Railway Manager/Localization/English.swift (in target 'FdC Railway Manager' from project 'FdC Railway Manager')
warning: Skipping duplicate build file in Compile Sources build phase: /Users/michelebigi/Documents/Develop/XCode/FdC/FdC Railway Manager/FdC Railway Manager/Models/Network/NetworkModel+Updates.swift (in target 'FdC Railway Manager' from project 'FdC Railway Manager')
warning: Skipping duplicate build file in Compile Sources build phase: /Users/michelebigi/Documents/Develop/XCode/FdC/FdC Railway Manager/FdC Railway Manager/Models/Network/NetworkModel+Pathfinding.swift (in target 'FdC Railway Manager' from project 'FdC Railway Manager')
warning: Skipping duplicate build file in Compile Sources build phase: /Users/michelebigi/Documents/Develop/XCode/FdC/FdC Railway Manager/FdC Railway Manager/Models/Network/NetworkModel+Mutations.swift (in target 'FdC Railway Manager' from project 'FdC Railway Manager')
warning: Skipping duplicate build file in Compile Sources build phase: /Users/michelebigi/Documents/Develop/XCode/FdC/FdC Railway Manager/FdC Railway Manager/Models/Network/NetworkModel.swift (in target 'FdC Railway Manager' from project 'FdC Railway Manager')
** BUILD SUCCEEDED **

